// Jest Snapshot v1, https://goo.gl/fbAQLP

exports[`Storyshots Primitives/Box default 1`] = `
.c0 {
  margin: 16px 8px;
  color: #000000;
  background-color: #FFFFFF;
  box-shadow: 0 0 48px 0 rgba(0,0,0,.2);
  font-family: sans-serif;
  -webkit-user-select: none;
  -moz-user-select: none;
  -ms-user-select: none;
  user-select: none;
  position: relative;
}

.c1 {
  min-width: 16px;
  min-height: 16px;
  display: inline-block;
  overflow-x: visible;
  overflow-y: visible;
  -webkit-flex-direction: row;
  -ms-flex-direction: row;
  flex-direction: row;
  -webkit-align-items: –;
  -webkit-box-align: –;
  -ms-flex-align: –;
  align-items: –;
  -webkit-box-pack: –;
  -webkit-justify-content: –;
  -ms-flex-pack: –;
  justify-content: –;
  -webkit-flex-wrap: nowrap;
  -ms-flex-wrap: nowrap;
  flex-wrap: nowrap;
  font-style: –;
  font-variant: –;
  white-space: –;
  text-align: left;
  background-image: url();
  background-position: none;
  background-size: none;
  background-repeat: –;
  background-attachment: –;
  background-clip: –;
  border-width: 0px;
  border-style: none;
  border-color: rgb(118,118,118);
  position: –;
  z-index: auto;
  opacity: 1;
  cursor: –;
  box-shadow: none;
  text-shadow: none;
  -webkit-transition: all 0s ease 0s;
  transition: all 0s ease 0s;
  -webkit-transform: none;
  -ms-transform: none;
  transform: none;
  -webkit-filter: none;
  filter: none;
}

<div
  className="c0"
  color="#000000"
>
  <div
    className="c1"
    color=""
    cursor="–"
    display="inline-block"
    filter="none"
    height=""
    opacity="1"
    transform="none"
    width=""
  >
    Default box
  </div>
</div>
`;

exports[`Storyshots Primitives/Box footer 1`] = `
.c0 {
  margin: 16px 8px;
  color: #000000;
  background-color: #FFFFFF;
  box-shadow: 0 0 48px 0 rgba(0,0,0,.2);
  font-family: sans-serif;
  -webkit-user-select: none;
  -moz-user-select: none;
  -ms-user-select: none;
  user-select: none;
  position: relative;
}

.c1 {
  min-width: 16px;
  min-height: 16px;
  display: inline-block;
  overflow-x: visible;
  overflow-y: visible;
  -webkit-flex-direction: row;
  -ms-flex-direction: row;
  flex-direction: row;
  -webkit-align-items: –;
  -webkit-box-align: –;
  -ms-flex-align: –;
  align-items: –;
  -webkit-box-pack: –;
  -webkit-justify-content: –;
  -ms-flex-pack: –;
  justify-content: –;
  -webkit-flex-wrap: nowrap;
  -ms-flex-wrap: nowrap;
  flex-wrap: nowrap;
  font-style: –;
  font-variant: –;
  white-space: –;
  text-align: left;
  background-image: url();
  background-position: none;
  background-size: none;
  background-repeat: –;
  background-attachment: –;
  background-clip: –;
  border-width: 0px;
  border-style: none;
  border-color: rgb(118,118,118);
  position: –;
  z-index: auto;
  opacity: 1;
  cursor: –;
  box-shadow: none;
  text-shadow: none;
  -webkit-transition: all 0s ease 0s;
  transition: all 0s ease 0s;
  -webkit-transform: none;
  -ms-transform: none;
  transform: none;
  -webkit-filter: none;
  filter: none;
}

<div
  className="c0"
  color="#000000"
>
  <footer
    className="c1"
    color=""
    cursor="–"
    display="inline-block"
    filter="none"
    height=""
    opacity="1"
    transform="none"
    width=""
  >
    Footer container
  </footer>
</div>
`;

exports[`Storyshots Primitives/Box header 1`] = `
.c0 {
  margin: 16px 8px;
  color: #000000;
  background-color: #FFFFFF;
  box-shadow: 0 0 48px 0 rgba(0,0,0,.2);
  font-family: sans-serif;
  -webkit-user-select: none;
  -moz-user-select: none;
  -ms-user-select: none;
  user-select: none;
  position: relative;
}

.c1 {
  min-width: 16px;
  min-height: 16px;
  display: inline-block;
  overflow-x: visible;
  overflow-y: visible;
  -webkit-flex-direction: row;
  -ms-flex-direction: row;
  flex-direction: row;
  -webkit-align-items: –;
  -webkit-box-align: –;
  -ms-flex-align: –;
  align-items: –;
  -webkit-box-pack: –;
  -webkit-justify-content: –;
  -ms-flex-pack: –;
  justify-content: –;
  -webkit-flex-wrap: nowrap;
  -ms-flex-wrap: nowrap;
  flex-wrap: nowrap;
  font-style: –;
  font-variant: –;
  white-space: –;
  text-align: left;
  background-image: url();
  background-position: none;
  background-size: none;
  background-repeat: –;
  background-attachment: –;
  background-clip: –;
  border-width: 0px;
  border-style: none;
  border-color: rgb(118,118,118);
  position: –;
  z-index: auto;
  opacity: 1;
  cursor: –;
  box-shadow: none;
  text-shadow: none;
  -webkit-transition: all 0s ease 0s;
  transition: all 0s ease 0s;
  -webkit-transform: none;
  -ms-transform: none;
  transform: none;
  -webkit-filter: none;
  filter: none;
}

<div
  className="c0"
  color="#000000"
>
  <header
    className="c1"
    color=""
    cursor="–"
    display="inline-block"
    filter="none"
    height=""
    opacity="1"
    transform="none"
    width=""
  >
    Header container
  </header>
</div>
`;

exports[`Storyshots Primitives/Box section 1`] = `
.c0 {
  margin: 16px 8px;
  color: #000000;
  background-color: #FFFFFF;
  box-shadow: 0 0 48px 0 rgba(0,0,0,.2);
  font-family: sans-serif;
  -webkit-user-select: none;
  -moz-user-select: none;
  -ms-user-select: none;
  user-select: none;
  position: relative;
}

.c1 {
  min-width: 16px;
  min-height: 16px;
  display: inline-block;
  overflow-x: visible;
  overflow-y: visible;
  -webkit-flex-direction: row;
  -ms-flex-direction: row;
  flex-direction: row;
  -webkit-align-items: –;
  -webkit-box-align: –;
  -ms-flex-align: –;
  align-items: –;
  -webkit-box-pack: –;
  -webkit-justify-content: –;
  -ms-flex-pack: –;
  justify-content: –;
  -webkit-flex-wrap: nowrap;
  -ms-flex-wrap: nowrap;
  flex-wrap: nowrap;
  font-style: –;
  font-variant: –;
  white-space: –;
  text-align: left;
  background-image: url();
  background-position: none;
  background-size: none;
  background-repeat: –;
  background-attachment: –;
  background-clip: –;
  border-width: 0px;
  border-style: none;
  border-color: rgb(118,118,118);
  position: –;
  z-index: auto;
  opacity: 1;
  cursor: –;
  box-shadow: none;
  text-shadow: none;
  -webkit-transition: all 0s ease 0s;
  transition: all 0s ease 0s;
  -webkit-transform: none;
  -ms-transform: none;
  transform: none;
  -webkit-filter: none;
  filter: none;
}

<div
  className="c0"
  color="#000000"
>
  <section
    className="c1"
    color=""
    cursor="–"
    display="inline-block"
    filter="none"
    height=""
    opacity="1"
    transform="none"
    width=""
  >
    Section container
  </section>
</div>
`;

exports[`Storyshots Primitives/Button button 1`] = `
.c0 {
  margin: 16px 8px;
  color: #000000;
  background-color: #FFFFFF;
  box-shadow: 0 0 48px 0 rgba(0,0,0,.2);
  font-family: sans-serif;
  -webkit-user-select: none;
  -moz-user-select: none;
  -ms-user-select: none;
  user-select: none;
  position: relative;
}

.c1 {
  -webkit-appearance: button;
  -moz-appearance: button;
  appearance: button;
  padding-top: 8px;
  padding-bottom: 8px;
  padding-left: 24px;
  padding-right: 24px;
  font: var(--qtheme-font-base);
  color: var(--qtheme-color-light);
  background: var(--qtheme-color-primary);
  border-width: 0px;
  border-style: none;
  border-radius: 2px;
  outline: none;
  -webkit-user-select: none;
  -moz-user-select: none;
  -ms-user-select: none;
  user-select: none;
  box-sizing: border-box;
  overflow: visible;
  cursor: pointer;
  display: inline-block;
  overflow-x: visible;
  overflow-y: visible;
  -webkit-flex-direction: row;
  -ms-flex-direction: row;
  flex-direction: row;
  -webkit-align-items: –;
  -webkit-box-align: –;
  -ms-flex-align: –;
  align-items: –;
  -webkit-box-pack: –;
  -webkit-justify-content: –;
  -ms-flex-pack: –;
  justify-content: –;
  -webkit-flex-wrap: nowrap;
  -ms-flex-wrap: nowrap;
  flex-wrap: nowrap;
  font-style: –;
  font-variant: –;
  white-space: –;
  text-align: left;
  background-image: url();
  background-position: none;
  background-size: none;
  background-repeat: –;
  background-attachment: –;
  background-clip: –;
  border-color: rgb(118,118,118);
  position: –;
  z-index: auto;
  opacity: 1;
  box-shadow: none;
  text-shadow: none;
  -webkit-transition: all 0s ease 0s;
  transition: all 0s ease 0s;
  -webkit-transform: none;
  -ms-transform: none;
  transform: none;
  -webkit-filter: none;
  filter: none;
}

.c1:disabled,
.c1[data-quarkly-state="disabled"] {
  background: var(--qtheme-color-grey);
}

.c1:focus,
.c1[data-quarkly-state="focus"] {
  box-shadow: 0 0 0 2px var(--qtheme-color-primary);
}

<div
  className="c0"
  color="#000000"
>
  <button
    className="c1"
    color="--color-light"
    cursor="pointer"
    disabled={false}
    display="inline-block"
    filter="none"
    height=""
    opacity="1"
    overflow="visible"
    transform="none"
    type="button"
    width=""
  >
    Button
  </button>
</div>
`;

exports[`Storyshots Primitives/Button disabled 1`] = `
.c0 {
  margin: 16px 8px;
  color: #000000;
  background-color: #FFFFFF;
  box-shadow: 0 0 48px 0 rgba(0,0,0,.2);
  font-family: sans-serif;
  -webkit-user-select: none;
  -moz-user-select: none;
  -ms-user-select: none;
  user-select: none;
  position: relative;
}

.c1 {
  -webkit-appearance: button;
  -moz-appearance: button;
  appearance: button;
  padding-top: 8px;
  padding-bottom: 8px;
  padding-left: 24px;
  padding-right: 24px;
  font: var(--qtheme-font-base);
  color: var(--qtheme-color-light);
  background: var(--qtheme-color-primary);
  border-width: 0px;
  border-style: none;
  border-radius: 2px;
  outline: none;
  -webkit-user-select: none;
  -moz-user-select: none;
  -ms-user-select: none;
  user-select: none;
  box-sizing: border-box;
  overflow: visible;
  cursor: pointer;
  display: inline-block;
  overflow-x: visible;
  overflow-y: visible;
  -webkit-flex-direction: row;
  -ms-flex-direction: row;
  flex-direction: row;
  -webkit-align-items: –;
  -webkit-box-align: –;
  -ms-flex-align: –;
  align-items: –;
  -webkit-box-pack: –;
  -webkit-justify-content: –;
  -ms-flex-pack: –;
  justify-content: –;
  -webkit-flex-wrap: nowrap;
  -ms-flex-wrap: nowrap;
  flex-wrap: nowrap;
  font-style: –;
  font-variant: –;
  white-space: –;
  text-align: left;
  background-image: url();
  background-position: none;
  background-size: none;
  background-repeat: –;
  background-attachment: –;
  background-clip: –;
  border-color: rgb(118,118,118);
  position: –;
  z-index: auto;
  opacity: 1;
  box-shadow: none;
  text-shadow: none;
  -webkit-transition: all 0s ease 0s;
  transition: all 0s ease 0s;
  -webkit-transform: none;
  -ms-transform: none;
  transform: none;
  -webkit-filter: none;
  filter: none;
}

.c1:disabled,
.c1[data-quarkly-state="disabled"] {
  background: var(--qtheme-color-grey);
}

.c1:focus,
.c1[data-quarkly-state="focus"] {
  box-shadow: 0 0 0 2px var(--qtheme-color-primary);
}

<div
  className="c0"
  color="#000000"
>
  <button
    className="c1"
    color="--color-light"
    cursor="pointer"
    disabled={true}
    display="inline-block"
    filter="none"
    height=""
    opacity="1"
    overflow="visible"
    transform="none"
    type="submit"
    width=""
  >
    Disabled
  </button>
</div>
`;

exports[`Storyshots Primitives/Button submit 1`] = `
.c0 {
  margin: 16px 8px;
  color: #000000;
  background-color: #FFFFFF;
  box-shadow: 0 0 48px 0 rgba(0,0,0,.2);
  font-family: sans-serif;
  -webkit-user-select: none;
  -moz-user-select: none;
  -ms-user-select: none;
  user-select: none;
  position: relative;
}

.c1 {
  -webkit-appearance: button;
  -moz-appearance: button;
  appearance: button;
  padding-top: 8px;
  padding-bottom: 8px;
  padding-left: 24px;
  padding-right: 24px;
  font: var(--qtheme-font-base);
  color: var(--qtheme-color-light);
  background: var(--qtheme-color-primary);
  border-width: 0px;
  border-style: none;
  border-radius: 2px;
  outline: none;
  -webkit-user-select: none;
  -moz-user-select: none;
  -ms-user-select: none;
  user-select: none;
  box-sizing: border-box;
  overflow: visible;
  cursor: pointer;
  display: inline-block;
  overflow-x: visible;
  overflow-y: visible;
  -webkit-flex-direction: row;
  -ms-flex-direction: row;
  flex-direction: row;
  -webkit-align-items: –;
  -webkit-box-align: –;
  -ms-flex-align: –;
  align-items: –;
  -webkit-box-pack: –;
  -webkit-justify-content: –;
  -ms-flex-pack: –;
  justify-content: –;
  -webkit-flex-wrap: nowrap;
  -ms-flex-wrap: nowrap;
  flex-wrap: nowrap;
  font-style: –;
  font-variant: –;
  white-space: –;
  text-align: left;
  background-image: url();
  background-position: none;
  background-size: none;
  background-repeat: –;
  background-attachment: –;
  background-clip: –;
  border-color: rgb(118,118,118);
  position: –;
  z-index: auto;
  opacity: 1;
  box-shadow: none;
  text-shadow: none;
  -webkit-transition: all 0s ease 0s;
  transition: all 0s ease 0s;
  -webkit-transform: none;
  -ms-transform: none;
  transform: none;
  -webkit-filter: none;
  filter: none;
}

.c1:disabled,
.c1[data-quarkly-state="disabled"] {
  background: var(--qtheme-color-grey);
}

.c1:focus,
.c1[data-quarkly-state="focus"] {
  box-shadow: 0 0 0 2px var(--qtheme-color-primary);
}

<div
  className="c0"
  color="#000000"
>
  <button
    className="c1"
    color="--color-light"
    cursor="pointer"
    disabled={false}
    display="inline-block"
    filter="none"
    height=""
    opacity="1"
    overflow="visible"
    transform="none"
    type="submit"
    width=""
  >
    Submit
  </button>
</div>
`;

exports[`Storyshots Primitives/Image default 1`] = `
.c0 {
  margin: 16px 8px;
  color: #000000;
  background-color: #FFFFFF;
  box-shadow: 0 0 48px 0 rgba(0,0,0,.2);
  font-family: sans-serif;
  -webkit-user-select: none;
  -moz-user-select: none;
  -ms-user-select: none;
  user-select: none;
  position: relative;
}

.c1 {
  min-width: 16px;
  min-height: 16px;
  display: inline-block;
  max-width: 960px;
  overflow-x: visible;
  overflow-y: visible;
  -webkit-flex-direction: row;
  -ms-flex-direction: row;
  flex-direction: row;
  -webkit-align-items: –;
  -webkit-box-align: –;
  -ms-flex-align: –;
  align-items: –;
  -webkit-box-pack: –;
  -webkit-justify-content: –;
  -ms-flex-pack: –;
  justify-content: –;
  -webkit-flex-wrap: nowrap;
  -ms-flex-wrap: nowrap;
  flex-wrap: nowrap;
  font-style: –;
  font-variant: –;
  white-space: –;
  text-align: left;
  background-image: url();
  background-position: none;
  background-size: none;
  background-repeat: –;
  background-attachment: –;
  background-clip: –;
  border-width: 0px;
  border-style: none;
  border-color: rgb(118,118,118);
  position: –;
  z-index: auto;
  opacity: 1;
  cursor: –;
  box-shadow: none;
  text-shadow: none;
  -webkit-transition: all 0s ease 0s;
  transition: all 0s ease 0s;
  -webkit-transform: none;
  -ms-transform: none;
  transform: none;
  -webkit-filter: none;
  filter: none;
}

<div
  className="c0"
  color="#000000"
>
  <img
    alt=""
    className="c1"
    color=""
    cursor="–"
    display="inline-block"
    filter="none"
    height=""
    opacity="1"
    src="https://uploads.quarkly.io/landing/quarkly-features-for-developers-hot-npm-import.png"
    title=""
    transform="none"
    width=""
  />
</div>
`;

exports[`Storyshots Primitives/Image with alt & title 1`] = `
.c0 {
  margin: 16px 8px;
  color: #000000;
  background-color: #FFFFFF;
  box-shadow: 0 0 48px 0 rgba(0,0,0,.2);
  font-family: sans-serif;
  -webkit-user-select: none;
  -moz-user-select: none;
  -ms-user-select: none;
  user-select: none;
  position: relative;
}

.c1 {
  min-width: 16px;
  min-height: 16px;
  display: inline-block;
  max-width: 960px;
  overflow-x: visible;
  overflow-y: visible;
  -webkit-flex-direction: row;
  -ms-flex-direction: row;
  flex-direction: row;
  -webkit-align-items: –;
  -webkit-box-align: –;
  -ms-flex-align: –;
  align-items: –;
  -webkit-box-pack: –;
  -webkit-justify-content: –;
  -ms-flex-pack: –;
  justify-content: –;
  -webkit-flex-wrap: nowrap;
  -ms-flex-wrap: nowrap;
  flex-wrap: nowrap;
  font-style: –;
  font-variant: –;
  white-space: –;
  text-align: left;
  background-image: url();
  background-position: none;
  background-size: none;
  background-repeat: –;
  background-attachment: –;
  background-clip: –;
  border-width: 0px;
  border-style: none;
  border-color: rgb(118,118,118);
  position: –;
  z-index: auto;
  opacity: 1;
  cursor: –;
  box-shadow: none;
  text-shadow: none;
  -webkit-transition: all 0s ease 0s;
  transition: all 0s ease 0s;
  -webkit-transform: none;
  -ms-transform: none;
  transform: none;
  -webkit-filter: none;
  filter: none;
}

<div
  className="c0"
  color="#000000"
>
  <img
    alt="Transfer necessary element props of your components to the panel"
    className="c1"
    color=""
    cursor="–"
    display="inline-block"
    filter="none"
    height=""
    opacity="1"
    src="https://uploads.quarkly.io/landing/quarkly-features-for-developers-custom-props.png"
    title="Transfer necessary element props of your components to the panel"
    transform="none"
    width=""
  />
</div>
`;

exports[`Storyshots Primitives/Input default input 1`] = `
.c0 {
  margin: 16px 8px;
  color: #000000;
  background-color: #FFFFFF;
  box-shadow: 0 0 48px 0 rgba(0,0,0,.2);
  font-family: sans-serif;
  -webkit-user-select: none;
  -moz-user-select: none;
  -ms-user-select: none;
  user-select: none;
  position: relative;
}

.c1 {
  padding-top: 6px;
  padding-bottom: 6px;
  padding-left: 16px;
  padding-right: 16px;
  font: var(--qtheme-font-base);
  outline: none;
  color: var(--qtheme-color-dark);
  border-width: 2px;
  border-style: solid;
  border-color: var(--qtheme-color-lightD2);
  border-radius: 2px;
  box-sizing: border-box;
  display: inline-block;
  overflow-x: visible;
  overflow-y: visible;
  -webkit-flex-direction: row;
  -ms-flex-direction: row;
  flex-direction: row;
  -webkit-align-items: –;
  -webkit-box-align: –;
  -ms-flex-align: –;
  align-items: –;
  -webkit-box-pack: –;
  -webkit-justify-content: –;
  -ms-flex-pack: –;
  justify-content: –;
  -webkit-flex-wrap: nowrap;
  -ms-flex-wrap: nowrap;
  flex-wrap: nowrap;
  font-style: –;
  font-variant: –;
  white-space: –;
  text-align: left;
  background-image: url();
  background-position: none;
  background-size: none;
  background-repeat: –;
  background-attachment: –;
  background-clip: –;
  position: –;
  z-index: auto;
  opacity: 1;
  cursor: –;
  box-shadow: none;
  text-shadow: none;
  -webkit-transition: all 0s ease 0s;
  transition: all 0s ease 0s;
  -webkit-transform: none;
  -ms-transform: none;
  transform: none;
  -webkit-filter: none;
  filter: none;
}

.c1:focus,
.c1[data-quarkly-state="focus"] {
  border-color: var(--qtheme-color-lightD1);
}

<div
  className="c0"
  color="#000000"
>
  <input
    className="c1"
    color="--dark"
    cursor="–"
    defaultValue=""
    disabled={false}
    display="inline-block"
    filter="none"
    height=""
    name=""
    opacity="1"
    placeholder=""
    required={false}
    transform="none"
    type="text"
    width=""
  />
</div>
`;

exports[`Storyshots Primitives/Input default textarea 1`] = `
.c0 {
  margin: 16px 8px;
  color: #000000;
  background-color: #FFFFFF;
  box-shadow: 0 0 48px 0 rgba(0,0,0,.2);
  font-family: sans-serif;
  -webkit-user-select: none;
  -moz-user-select: none;
  -ms-user-select: none;
  user-select: none;
  position: relative;
}

.c1 {
  padding-top: 6px;
  padding-bottom: 6px;
  padding-left: 16px;
  padding-right: 16px;
  font: var(--qtheme-font-base);
  outline: none;
  color: var(--qtheme-color-dark);
  border-width: 2px;
  border-style: solid;
  border-color: var(--qtheme-color-lightD2);
  border-radius: 2px;
  box-sizing: border-box;
  display: inline-block;
  overflow-x: visible;
  overflow-y: visible;
  -webkit-flex-direction: row;
  -ms-flex-direction: row;
  flex-direction: row;
  -webkit-align-items: –;
  -webkit-box-align: –;
  -ms-flex-align: –;
  align-items: –;
  -webkit-box-pack: –;
  -webkit-justify-content: –;
  -ms-flex-pack: –;
  justify-content: –;
  -webkit-flex-wrap: nowrap;
  -ms-flex-wrap: nowrap;
  flex-wrap: nowrap;
  font-style: –;
  font-variant: –;
  white-space: –;
  text-align: left;
  background-image: url();
  background-position: none;
  background-size: none;
  background-repeat: –;
  background-attachment: –;
  background-clip: –;
  position: –;
  z-index: auto;
  opacity: 1;
  cursor: –;
  box-shadow: none;
  text-shadow: none;
  -webkit-transition: all 0s ease 0s;
  transition: all 0s ease 0s;
  -webkit-transform: none;
  -ms-transform: none;
  transform: none;
  -webkit-filter: none;
  filter: none;
}

.c1:focus,
.c1[data-quarkly-state="focus"] {
  border-color: var(--qtheme-color-lightD1);
}

<div
  className="c0"
  color="#000000"
>
  <textarea
    className="c1"
    color="--dark"
    cursor="–"
    defaultValue=""
    disabled={false}
    display="inline-block"
    filter="none"
    height=""
    name=""
    opacity="1"
    placeholder=""
    required={false}
    transform="none"
    type="text"
    width=""
  />
</div>
`;

exports[`Storyshots Primitives/Input input with placeholder 1`] = `
.c0 {
  margin: 16px 8px;
  color: #000000;
  background-color: #FFFFFF;
  box-shadow: 0 0 48px 0 rgba(0,0,0,.2);
  font-family: sans-serif;
  -webkit-user-select: none;
  -moz-user-select: none;
  -ms-user-select: none;
  user-select: none;
  position: relative;
}

.c1 {
  padding-top: 6px;
  padding-bottom: 6px;
  padding-left: 16px;
  padding-right: 16px;
  font: var(--qtheme-font-base);
  outline: none;
  color: var(--qtheme-color-dark);
  border-width: 2px;
  border-style: solid;
  border-color: var(--qtheme-color-lightD2);
  border-radius: 2px;
  box-sizing: border-box;
  display: inline-block;
  overflow-x: visible;
  overflow-y: visible;
  -webkit-flex-direction: row;
  -ms-flex-direction: row;
  flex-direction: row;
  -webkit-align-items: –;
  -webkit-box-align: –;
  -ms-flex-align: –;
  align-items: –;
  -webkit-box-pack: –;
  -webkit-justify-content: –;
  -ms-flex-pack: –;
  justify-content: –;
  -webkit-flex-wrap: nowrap;
  -ms-flex-wrap: nowrap;
  flex-wrap: nowrap;
  font-style: –;
  font-variant: –;
  white-space: –;
  text-align: left;
  background-image: url();
  background-position: none;
  background-size: none;
  background-repeat: –;
  background-attachment: –;
  background-clip: –;
  position: –;
  z-index: auto;
  opacity: 1;
  cursor: –;
  box-shadow: none;
  text-shadow: none;
  -webkit-transition: all 0s ease 0s;
  transition: all 0s ease 0s;
  -webkit-transform: none;
  -ms-transform: none;
  transform: none;
  -webkit-filter: none;
  filter: none;
}

.c1:focus,
.c1[data-quarkly-state="focus"] {
  border-color: var(--qtheme-color-lightD1);
}

<div
  className="c0"
  color="#000000"
>
  <input
    className="c1"
    color="--dark"
    cursor="–"
    defaultValue=""
    disabled={false}
    display="inline-block"
    filter="none"
    height=""
    name=""
    opacity="1"
    placeholder="some placeholder"
    required={false}
    transform="none"
    type="text"
    width=""
  />
</div>
`;

exports[`Storyshots Primitives/Input input with value 1`] = `
.c0 {
  margin: 16px 8px;
  color: #000000;
  background-color: #FFFFFF;
  box-shadow: 0 0 48px 0 rgba(0,0,0,.2);
  font-family: sans-serif;
  -webkit-user-select: none;
  -moz-user-select: none;
  -ms-user-select: none;
  user-select: none;
  position: relative;
}

.c1 {
  padding-top: 6px;
  padding-bottom: 6px;
  padding-left: 16px;
  padding-right: 16px;
  font: var(--qtheme-font-base);
  outline: none;
  color: var(--qtheme-color-dark);
  border-width: 2px;
  border-style: solid;
  border-color: var(--qtheme-color-lightD2);
  border-radius: 2px;
  box-sizing: border-box;
  display: inline-block;
  overflow-x: visible;
  overflow-y: visible;
  -webkit-flex-direction: row;
  -ms-flex-direction: row;
  flex-direction: row;
  -webkit-align-items: –;
  -webkit-box-align: –;
  -ms-flex-align: –;
  align-items: –;
  -webkit-box-pack: –;
  -webkit-justify-content: –;
  -ms-flex-pack: –;
  justify-content: –;
  -webkit-flex-wrap: nowrap;
  -ms-flex-wrap: nowrap;
  flex-wrap: nowrap;
  font-style: –;
  font-variant: –;
  white-space: –;
  text-align: left;
  background-image: url();
  background-position: none;
  background-size: none;
  background-repeat: –;
  background-attachment: –;
  background-clip: –;
  position: –;
  z-index: auto;
  opacity: 1;
  cursor: –;
  box-shadow: none;
  text-shadow: none;
  -webkit-transition: all 0s ease 0s;
  transition: all 0s ease 0s;
  -webkit-transform: none;
  -ms-transform: none;
  transform: none;
  -webkit-filter: none;
  filter: none;
}

.c1:focus,
.c1[data-quarkly-state="focus"] {
  border-color: var(--qtheme-color-lightD1);
}

<div
  className="c0"
  color="#000000"
>
  <input
    className="c1"
    color="--dark"
    cursor="–"
    defaultValue="default value"
    disabled={false}
    display="inline-block"
    filter="none"
    height=""
    name=""
    opacity="1"
    placeholder="some placeholder"
    required={false}
    transform="none"
    type="text"
    width=""
  />
</div>
`;

exports[`Storyshots Primitives/Input textarea with placeholder 1`] = `
.c0 {
  margin: 16px 8px;
  color: #000000;
  background-color: #FFFFFF;
  box-shadow: 0 0 48px 0 rgba(0,0,0,.2);
  font-family: sans-serif;
  -webkit-user-select: none;
  -moz-user-select: none;
  -ms-user-select: none;
  user-select: none;
  position: relative;
}

.c1 {
  padding-top: 6px;
  padding-bottom: 6px;
  padding-left: 16px;
  padding-right: 16px;
  font: var(--qtheme-font-base);
  outline: none;
  color: var(--qtheme-color-dark);
  border-width: 2px;
  border-style: solid;
  border-color: var(--qtheme-color-lightD2);
  border-radius: 2px;
  box-sizing: border-box;
  display: inline-block;
  overflow-x: visible;
  overflow-y: visible;
  -webkit-flex-direction: row;
  -ms-flex-direction: row;
  flex-direction: row;
  -webkit-align-items: –;
  -webkit-box-align: –;
  -ms-flex-align: –;
  align-items: –;
  -webkit-box-pack: –;
  -webkit-justify-content: –;
  -ms-flex-pack: –;
  justify-content: –;
  -webkit-flex-wrap: nowrap;
  -ms-flex-wrap: nowrap;
  flex-wrap: nowrap;
  font-style: –;
  font-variant: –;
  white-space: –;
  text-align: left;
  background-image: url();
  background-position: none;
  background-size: none;
  background-repeat: –;
  background-attachment: –;
  background-clip: –;
  position: –;
  z-index: auto;
  opacity: 1;
  cursor: –;
  box-shadow: none;
  text-shadow: none;
  -webkit-transition: all 0s ease 0s;
  transition: all 0s ease 0s;
  -webkit-transform: none;
  -ms-transform: none;
  transform: none;
  -webkit-filter: none;
  filter: none;
}

.c1:focus,
.c1[data-quarkly-state="focus"] {
  border-color: var(--qtheme-color-lightD1);
}

<div
  className="c0"
  color="#000000"
>
  <textarea
    className="c1"
    color="--dark"
    cursor="–"
    defaultValue=""
    disabled={false}
    display="inline-block"
    filter="none"
    height=""
    name=""
    opacity="1"
    placeholder="some placeholder"
    required={false}
    transform="none"
    type="text"
    width=""
  />
</div>
`;

exports[`Storyshots Primitives/Input textarea with value 1`] = `
.c0 {
  margin: 16px 8px;
  color: #000000;
  background-color: #FFFFFF;
  box-shadow: 0 0 48px 0 rgba(0,0,0,.2);
  font-family: sans-serif;
  -webkit-user-select: none;
  -moz-user-select: none;
  -ms-user-select: none;
  user-select: none;
  position: relative;
}

.c1 {
  padding-top: 6px;
  padding-bottom: 6px;
  padding-left: 16px;
  padding-right: 16px;
  font: var(--qtheme-font-base);
  outline: none;
  color: var(--qtheme-color-dark);
  border-width: 2px;
  border-style: solid;
  border-color: var(--qtheme-color-lightD2);
  border-radius: 2px;
  box-sizing: border-box;
  display: inline-block;
  overflow-x: visible;
  overflow-y: visible;
  -webkit-flex-direction: row;
  -ms-flex-direction: row;
  flex-direction: row;
  -webkit-align-items: –;
  -webkit-box-align: –;
  -ms-flex-align: –;
  align-items: –;
  -webkit-box-pack: –;
  -webkit-justify-content: –;
  -ms-flex-pack: –;
  justify-content: –;
  -webkit-flex-wrap: nowrap;
  -ms-flex-wrap: nowrap;
  flex-wrap: nowrap;
  font-style: –;
  font-variant: –;
  white-space: –;
  text-align: left;
  background-image: url();
  background-position: none;
  background-size: none;
  background-repeat: –;
  background-attachment: –;
  background-clip: –;
  position: –;
  z-index: auto;
  opacity: 1;
  cursor: –;
  box-shadow: none;
  text-shadow: none;
  -webkit-transition: all 0s ease 0s;
  transition: all 0s ease 0s;
  -webkit-transform: none;
  -ms-transform: none;
  transform: none;
  -webkit-filter: none;
  filter: none;
}

.c1:focus,
.c1[data-quarkly-state="focus"] {
  border-color: var(--qtheme-color-lightD1);
}

<div
  className="c0"
  color="#000000"
>
  <textarea
    className="c1"
    color="--dark"
    cursor="–"
    defaultValue="default value"
    disabled={false}
    display="inline-block"
    filter="none"
    height=""
    name=""
    opacity="1"
    placeholder="some placeholder"
    required={false}
    transform="none"
    type="text"
    width=""
  />
</div>
`;

exports[`Storyshots Primitives/Line default 1`] = `
.c0 {
  margin: 16px 8px;
  color: #000000;
  background-color: #FFFFFF;
  box-shadow: 0 0 48px 0 rgba(0,0,0,.2);
  font-family: sans-serif;
  -webkit-user-select: none;
  -moz-user-select: none;
  -ms-user-select: none;
  user-select: none;
  position: relative;
}

.c1 {
  margin-top: 16px;
  margin-bottom: 16px;
  padding-bottom: 4px;
  border-width: 1px 0 0 0;
  border-style: solid;
  border-color: var(--qtheme-color-lightD2);
  display: block;
  overflow-x: visible;
  overflow-y: visible;
  -webkit-flex-direction: row;
  -ms-flex-direction: row;
  flex-direction: row;
  -webkit-align-items: –;
  -webkit-box-align: –;
  -ms-flex-align: –;
  align-items: –;
  -webkit-box-pack: –;
  -webkit-justify-content: –;
  -ms-flex-pack: –;
  justify-content: –;
  -webkit-flex-wrap: nowrap;
  -ms-flex-wrap: nowrap;
  flex-wrap: nowrap;
  font-style: –;
  font-variant: –;
  white-space: –;
  text-align: left;
  background-image: url();
  background-position: none;
  background-size: none;
  background-repeat: –;
  background-attachment: –;
  background-clip: –;
  position: –;
  z-index: auto;
  opacity: 1;
  cursor: –;
  box-shadow: none;
  text-shadow: none;
  -webkit-transition: all 0s ease 0s;
  transition: all 0s ease 0s;
  -webkit-transform: none;
  -ms-transform: none;
  transform: none;
  -webkit-filter: none;
  filter: none;
}

<div
  className="c0"
  color="#000000"
>
  <hr
    className="c1"
    color=""
    cursor="–"
    display="block"
    filter="none"
    height=""
    opacity="1"
    transform="none"
    width=""
  />
</div>
`;

exports[`Storyshots Primitives/List ol default 1`] = `
.c0 {
  margin: 16px 8px;
  color: #000000;
  background-color: #FFFFFF;
  box-shadow: 0 0 48px 0 rgba(0,0,0,.2);
  font-family: sans-serif;
  -webkit-user-select: none;
  -moz-user-select: none;
  -ms-user-select: none;
  user-select: none;
  position: relative;
}

.c1 {
  display: inline-block;
  overflow-x: visible;
  overflow-y: visible;
  -webkit-flex-direction: row;
  -ms-flex-direction: row;
  flex-direction: row;
  -webkit-align-items: –;
  -webkit-box-align: –;
  -ms-flex-align: –;
  align-items: –;
  -webkit-box-pack: –;
  -webkit-justify-content: –;
  -ms-flex-pack: –;
  justify-content: –;
  -webkit-flex-wrap: nowrap;
  -ms-flex-wrap: nowrap;
  flex-wrap: nowrap;
  font-style: –;
  font-variant: –;
  white-space: –;
  text-align: left;
  background-image: url();
  background-position: none;
  background-size: none;
  background-repeat: –;
  background-attachment: –;
  background-clip: –;
  border-width: 0px;
  border-style: none;
  border-color: rgb(118,118,118);
  position: –;
  z-index: auto;
  opacity: 1;
  cursor: –;
  box-shadow: none;
  text-shadow: none;
  -webkit-transition: all 0s ease 0s;
  transition: all 0s ease 0s;
  -webkit-transform: none;
  -ms-transform: none;
  transform: none;
  -webkit-filter: none;
  filter: none;
}

<div
  className="c0"
  color="#000000"
>
  <ol
    className="c1"
    color=""
    cursor="–"
    display="inline-block"
    filter="none"
    height=""
    opacity="1"
    transform="none"
    width=""
  >
    <li>
      Item 1
    </li>
    <li>
      Item 2
    </li>
    <li>
      Item 3
    </li>
    <li>
      Item 4
    </li>
  </ol>
</div>
`;

exports[`Storyshots Primitives/List ol latin 1`] = `
.c0 {
  margin: 16px 8px;
  color: #000000;
  background-color: #FFFFFF;
  box-shadow: 0 0 48px 0 rgba(0,0,0,.2);
  font-family: sans-serif;
  -webkit-user-select: none;
  -moz-user-select: none;
  -ms-user-select: none;
  user-select: none;
  position: relative;
}

.c1 {
  list-style-type: lower-latin;
  display: inline-block;
  overflow-x: visible;
  overflow-y: visible;
  -webkit-flex-direction: row;
  -ms-flex-direction: row;
  flex-direction: row;
  -webkit-align-items: –;
  -webkit-box-align: –;
  -ms-flex-align: –;
  align-items: –;
  -webkit-box-pack: –;
  -webkit-justify-content: –;
  -ms-flex-pack: –;
  justify-content: –;
  -webkit-flex-wrap: nowrap;
  -ms-flex-wrap: nowrap;
  flex-wrap: nowrap;
  font-style: –;
  font-variant: –;
  white-space: –;
  text-align: left;
  background-image: url();
  background-position: none;
  background-size: none;
  background-repeat: –;
  background-attachment: –;
  background-clip: –;
  border-width: 0px;
  border-style: none;
  border-color: rgb(118,118,118);
  position: –;
  z-index: auto;
  opacity: 1;
  cursor: –;
  box-shadow: none;
  text-shadow: none;
  -webkit-transition: all 0s ease 0s;
  transition: all 0s ease 0s;
  -webkit-transform: none;
  -ms-transform: none;
  transform: none;
  -webkit-filter: none;
  filter: none;
}

<div
  className="c0"
  color="#000000"
>
  <ol
    className="c1"
    color=""
    cursor="–"
    display="inline-block"
    filter="none"
    height=""
    opacity="1"
    transform="none"
    width=""
  >
    <li>
      Item 1
    </li>
    <li>
      Item 2
    </li>
    <li>
      Item 3
    </li>
    <li>
      Item 4
    </li>
  </ol>
</div>
`;

exports[`Storyshots Primitives/List ul circle 1`] = `
.c0 {
  margin: 16px 8px;
  color: #000000;
  background-color: #FFFFFF;
  box-shadow: 0 0 48px 0 rgba(0,0,0,.2);
  font-family: sans-serif;
  -webkit-user-select: none;
  -moz-user-select: none;
  -ms-user-select: none;
  user-select: none;
  position: relative;
}

.c1 {
  list-style-type: circle;
  display: inline-block;
  overflow-x: visible;
  overflow-y: visible;
  -webkit-flex-direction: row;
  -ms-flex-direction: row;
  flex-direction: row;
  -webkit-align-items: –;
  -webkit-box-align: –;
  -ms-flex-align: –;
  align-items: –;
  -webkit-box-pack: –;
  -webkit-justify-content: –;
  -ms-flex-pack: –;
  justify-content: –;
  -webkit-flex-wrap: nowrap;
  -ms-flex-wrap: nowrap;
  flex-wrap: nowrap;
  font-style: –;
  font-variant: –;
  white-space: –;
  text-align: left;
  background-image: url();
  background-position: none;
  background-size: none;
  background-repeat: –;
  background-attachment: –;
  background-clip: –;
  border-width: 0px;
  border-style: none;
  border-color: rgb(118,118,118);
  position: –;
  z-index: auto;
  opacity: 1;
  cursor: –;
  box-shadow: none;
  text-shadow: none;
  -webkit-transition: all 0s ease 0s;
  transition: all 0s ease 0s;
  -webkit-transform: none;
  -ms-transform: none;
  transform: none;
  -webkit-filter: none;
  filter: none;
}

<div
  className="c0"
  color="#000000"
>
  <ul
    className="c1"
    color=""
    cursor="–"
    display="inline-block"
    filter="none"
    height=""
    opacity="1"
    transform="none"
    width=""
  >
    <li>
      Item 1
    </li>
    <li>
      Item 2
    </li>
    <li>
      Item 3
    </li>
    <li>
      Item 4
    </li>
  </ul>
</div>
`;

exports[`Storyshots Primitives/List ul default 1`] = `
.c0 {
  margin: 16px 8px;
  color: #000000;
  background-color: #FFFFFF;
  box-shadow: 0 0 48px 0 rgba(0,0,0,.2);
  font-family: sans-serif;
  -webkit-user-select: none;
  -moz-user-select: none;
  -ms-user-select: none;
  user-select: none;
  position: relative;
}

.c1 {
  display: inline-block;
  overflow-x: visible;
  overflow-y: visible;
  -webkit-flex-direction: row;
  -ms-flex-direction: row;
  flex-direction: row;
  -webkit-align-items: –;
  -webkit-box-align: –;
  -ms-flex-align: –;
  align-items: –;
  -webkit-box-pack: –;
  -webkit-justify-content: –;
  -ms-flex-pack: –;
  justify-content: –;
  -webkit-flex-wrap: nowrap;
  -ms-flex-wrap: nowrap;
  flex-wrap: nowrap;
  font-style: –;
  font-variant: –;
  white-space: –;
  text-align: left;
  background-image: url();
  background-position: none;
  background-size: none;
  background-repeat: –;
  background-attachment: –;
  background-clip: –;
  border-width: 0px;
  border-style: none;
  border-color: rgb(118,118,118);
  position: –;
  z-index: auto;
  opacity: 1;
  cursor: –;
  box-shadow: none;
  text-shadow: none;
  -webkit-transition: all 0s ease 0s;
  transition: all 0s ease 0s;
  -webkit-transform: none;
  -ms-transform: none;
  transform: none;
  -webkit-filter: none;
  filter: none;
}

<div
  className="c0"
  color="#000000"
>
  <ul
    className="c1"
    color=""
    cursor="–"
    display="inline-block"
    filter="none"
    height=""
    opacity="1"
    transform="none"
    width=""
  >
    <li>
      Item 1
    </li>
    <li>
      Item 2
    </li>
    <li>
      Item 3
    </li>
    <li>
      Item 4
    </li>
  </ul>
</div>
`;

exports[`Storyshots Primitives/Option default 1`] = `
.c0 {
  margin: 16px 8px;
  color: #000000;
  background-color: #FFFFFF;
  box-shadow: 0 0 48px 0 rgba(0,0,0,.2);
  font-family: sans-serif;
  -webkit-user-select: none;
  -moz-user-select: none;
  -ms-user-select: none;
  user-select: none;
  position: relative;
}

.c1 {
  display: inline-block;
  overflow-x: visible;
  overflow-y: visible;
  -webkit-flex-direction: row;
  -ms-flex-direction: row;
  flex-direction: row;
  -webkit-align-items: –;
  -webkit-box-align: –;
  -ms-flex-align: –;
  align-items: –;
  -webkit-box-pack: –;
  -webkit-justify-content: –;
  -ms-flex-pack: –;
  justify-content: –;
  -webkit-flex-wrap: nowrap;
  -ms-flex-wrap: nowrap;
  flex-wrap: nowrap;
  font-style: –;
  font-variant: –;
  white-space: –;
  text-align: left;
  background-image: url();
  background-position: none;
  background-size: none;
  background-repeat: –;
  background-attachment: –;
  background-clip: –;
  border-width: 0px;
  border-style: none;
  border-color: rgb(118,118,118);
  position: –;
  z-index: auto;
  opacity: 1;
  cursor: –;
  box-shadow: none;
  text-shadow: none;
  -webkit-transition: all 0s ease 0s;
  transition: all 0s ease 0s;
  -webkit-transform: none;
  -ms-transform: none;
  transform: none;
  -webkit-filter: none;
  filter: none;
}

<div
  className="c0"
  color="#000000"
>
  <option
    className="c1"
    color=""
    cursor="–"
    display="inline-block"
    filter="none"
    height=""
    opacity="1"
    transform="none"
    width=""
  >
    Option Name
  </option>
</div>
`;

exports[`Storyshots Primitives/Select default 1`] = `
.c0 {
  margin: 16px 8px;
  color: #000000;
  background-color: #FFFFFF;
  box-shadow: 0 0 48px 0 rgba(0,0,0,.2);
  font-family: sans-serif;
  -webkit-user-select: none;
  -moz-user-select: none;
  -ms-user-select: none;
  user-select: none;
  position: relative;
}

.c1 {
  display: inline-block;
  overflow-x: visible;
  overflow-y: visible;
  -webkit-flex-direction: row;
  -ms-flex-direction: row;
  flex-direction: row;
  -webkit-align-items: –;
  -webkit-box-align: –;
  -ms-flex-align: –;
  align-items: –;
  -webkit-box-pack: –;
  -webkit-justify-content: –;
  -ms-flex-pack: –;
  justify-content: –;
  -webkit-flex-wrap: nowrap;
  -ms-flex-wrap: nowrap;
  flex-wrap: nowrap;
  font-style: –;
  font-variant: –;
  white-space: –;
  text-align: left;
  background-image: url();
  background-position: none;
  background-size: none;
  background-repeat: –;
  background-attachment: –;
  background-clip: –;
  border-width: 0px;
  border-style: none;
  border-color: rgb(118,118,118);
  position: –;
  z-index: auto;
  opacity: 1;
  cursor: –;
  box-shadow: none;
  text-shadow: none;
  -webkit-transition: all 0s ease 0s;
  transition: all 0s ease 0s;
  -webkit-transform: none;
  -ms-transform: none;
  transform: none;
  -webkit-filter: none;
  filter: none;
}

<div
  className="c0"
  color="#000000"
>
  <select
    className="c1"
    color=""
    cursor="–"
    display="inline-block"
    filter="none"
    height=""
    opacity="1"
    transform="none"
    width=""
  >
    <option
      className=""
    >
      Option 1
    </option>
    <option
      className=""
    >
      Option 2
    </option>
    <option
      className=""
    >
      Option 3
    </option>
    <option
      className=""
    >
      Option 4
    </option>
  </select>
</div>
`;

exports[`Storyshots Primitives/Text default 1`] = `
.c0 {
  margin: 16px 8px;
  color: #000000;
  background-color: #FFFFFF;
  box-shadow: 0 0 48px 0 rgba(0,0,0,.2);
  font-family: sans-serif;
  -webkit-user-select: none;
  -moz-user-select: none;
  -ms-user-select: none;
  user-select: none;
  position: relative;
}

.c1 {
  margin-top: 16px;
  margin-bottom: 16px;
  min-width: 8px;
  min-height: 8px;
  display: inline-block;
  overflow-x: visible;
  overflow-y: visible;
  -webkit-flex-direction: row;
  -ms-flex-direction: row;
  flex-direction: row;
  -webkit-align-items: –;
  -webkit-box-align: –;
  -ms-flex-align: –;
  align-items: –;
  -webkit-box-pack: –;
  -webkit-justify-content: –;
  -ms-flex-pack: –;
  justify-content: –;
  -webkit-flex-wrap: nowrap;
  -ms-flex-wrap: nowrap;
  flex-wrap: nowrap;
  font-style: –;
  font-variant: –;
  white-space: –;
  text-align: left;
  background-image: url();
  background-position: none;
  background-size: none;
  background-repeat: –;
  background-attachment: –;
  background-clip: –;
  border-width: 0px;
  border-style: none;
  border-color: rgb(118,118,118);
  position: –;
  z-index: auto;
  opacity: 1;
  cursor: –;
  box-shadow: none;
  text-shadow: none;
  -webkit-transition: all 0s ease 0s;
  transition: all 0s ease 0s;
  -webkit-transform: none;
  -ms-transform: none;
  transform: none;
  -webkit-filter: none;
  filter: none;
}

<div
  className="c0"
  color="#000000"
>
  <div
    className="c1"
    color=""
    cursor="–"
    display="inline-block"
    filter="none"
    height=""
    opacity="1"
    transform="none"
    width=""
  >
    Some text here
  </div>
</div>
`;

exports[`Storyshots Primitives/Text header 1 1`] = `
.c0 {
  margin: 16px 8px;
  color: #000000;
  background-color: #FFFFFF;
  box-shadow: 0 0 48px 0 rgba(0,0,0,.2);
  font-family: sans-serif;
  -webkit-user-select: none;
  -moz-user-select: none;
  -ms-user-select: none;
  user-select: none;
  position: relative;
}

.c1 {
  margin-top: 16px;
  margin-bottom: 16px;
  min-width: 8px;
  min-height: 8px;
  display: inline-block;
  overflow-x: visible;
  overflow-y: visible;
  -webkit-flex-direction: row;
  -ms-flex-direction: row;
  flex-direction: row;
  -webkit-align-items: –;
  -webkit-box-align: –;
  -ms-flex-align: –;
  align-items: –;
  -webkit-box-pack: –;
  -webkit-justify-content: –;
  -ms-flex-pack: –;
  justify-content: –;
  -webkit-flex-wrap: nowrap;
  -ms-flex-wrap: nowrap;
  flex-wrap: nowrap;
  font-style: –;
  font-variant: –;
  white-space: –;
  text-align: left;
  background-image: url();
  background-position: none;
  background-size: none;
  background-repeat: –;
  background-attachment: –;
  background-clip: –;
  border-width: 0px;
  border-style: none;
  border-color: rgb(118,118,118);
  position: –;
  z-index: auto;
  opacity: 1;
  cursor: –;
  box-shadow: none;
  text-shadow: none;
  -webkit-transition: all 0s ease 0s;
  transition: all 0s ease 0s;
  -webkit-transform: none;
  -ms-transform: none;
  transform: none;
  -webkit-filter: none;
  filter: none;
}

<div
  className="c0"
  color="#000000"
>
  <h1
    className="c1"
    color=""
    cursor="–"
    display="inline-block"
    filter="none"
    height=""
    opacity="1"
    transform="none"
    width=""
  >
    Header 1
  </h1>
</div>
`;

exports[`Storyshots Primitives/Text header 2 1`] = `
.c0 {
  margin: 16px 8px;
  color: #000000;
  background-color: #FFFFFF;
  box-shadow: 0 0 48px 0 rgba(0,0,0,.2);
  font-family: sans-serif;
  -webkit-user-select: none;
  -moz-user-select: none;
  -ms-user-select: none;
  user-select: none;
  position: relative;
}

.c1 {
  margin-top: 16px;
  margin-bottom: 16px;
  min-width: 8px;
  min-height: 8px;
  display: inline-block;
  overflow-x: visible;
  overflow-y: visible;
  -webkit-flex-direction: row;
  -ms-flex-direction: row;
  flex-direction: row;
  -webkit-align-items: –;
  -webkit-box-align: –;
  -ms-flex-align: –;
  align-items: –;
  -webkit-box-pack: –;
  -webkit-justify-content: –;
  -ms-flex-pack: –;
  justify-content: –;
  -webkit-flex-wrap: nowrap;
  -ms-flex-wrap: nowrap;
  flex-wrap: nowrap;
  font-style: –;
  font-variant: –;
  white-space: –;
  text-align: left;
  background-image: url();
  background-position: none;
  background-size: none;
  background-repeat: –;
  background-attachment: –;
  background-clip: –;
  border-width: 0px;
  border-style: none;
  border-color: rgb(118,118,118);
  position: –;
  z-index: auto;
  opacity: 1;
  cursor: –;
  box-shadow: none;
  text-shadow: none;
  -webkit-transition: all 0s ease 0s;
  transition: all 0s ease 0s;
  -webkit-transform: none;
  -ms-transform: none;
  transform: none;
  -webkit-filter: none;
  filter: none;
}

<div
  className="c0"
  color="#000000"
>
  <h2
    className="c1"
    color=""
    cursor="–"
    display="inline-block"
    filter="none"
    height=""
    opacity="1"
    transform="none"
    width=""
  >
    Header 2
  </h2>
</div>
`;

exports[`Storyshots Primitives/Text header 3 1`] = `
.c0 {
  margin: 16px 8px;
  color: #000000;
  background-color: #FFFFFF;
  box-shadow: 0 0 48px 0 rgba(0,0,0,.2);
  font-family: sans-serif;
  -webkit-user-select: none;
  -moz-user-select: none;
  -ms-user-select: none;
  user-select: none;
  position: relative;
}

.c1 {
  margin-top: 16px;
  margin-bottom: 16px;
  min-width: 8px;
  min-height: 8px;
  display: inline-block;
  overflow-x: visible;
  overflow-y: visible;
  -webkit-flex-direction: row;
  -ms-flex-direction: row;
  flex-direction: row;
  -webkit-align-items: –;
  -webkit-box-align: –;
  -ms-flex-align: –;
  align-items: –;
  -webkit-box-pack: –;
  -webkit-justify-content: –;
  -ms-flex-pack: –;
  justify-content: –;
  -webkit-flex-wrap: nowrap;
  -ms-flex-wrap: nowrap;
  flex-wrap: nowrap;
  font-style: –;
  font-variant: –;
  white-space: –;
  text-align: left;
  background-image: url();
  background-position: none;
  background-size: none;
  background-repeat: –;
  background-attachment: –;
  background-clip: –;
  border-width: 0px;
  border-style: none;
  border-color: rgb(118,118,118);
  position: –;
  z-index: auto;
  opacity: 1;
  cursor: –;
  box-shadow: none;
  text-shadow: none;
  -webkit-transition: all 0s ease 0s;
  transition: all 0s ease 0s;
  -webkit-transform: none;
  -ms-transform: none;
  transform: none;
  -webkit-filter: none;
  filter: none;
}

<div
  className="c0"
  color="#000000"
>
  <h3
    className="c1"
    color=""
    cursor="–"
    display="inline-block"
    filter="none"
    height=""
    opacity="1"
    transform="none"
    width=""
  >
    Header 3
  </h3>
</div>
`;

exports[`Storyshots Primitives/Text header 4 1`] = `
.c0 {
  margin: 16px 8px;
  color: #000000;
  background-color: #FFFFFF;
  box-shadow: 0 0 48px 0 rgba(0,0,0,.2);
  font-family: sans-serif;
  -webkit-user-select: none;
  -moz-user-select: none;
  -ms-user-select: none;
  user-select: none;
  position: relative;
}

.c1 {
  margin-top: 16px;
  margin-bottom: 16px;
  min-width: 8px;
  min-height: 8px;
  display: inline-block;
  overflow-x: visible;
  overflow-y: visible;
  -webkit-flex-direction: row;
  -ms-flex-direction: row;
  flex-direction: row;
  -webkit-align-items: –;
  -webkit-box-align: –;
  -ms-flex-align: –;
  align-items: –;
  -webkit-box-pack: –;
  -webkit-justify-content: –;
  -ms-flex-pack: –;
  justify-content: –;
  -webkit-flex-wrap: nowrap;
  -ms-flex-wrap: nowrap;
  flex-wrap: nowrap;
  font-style: –;
  font-variant: –;
  white-space: –;
  text-align: left;
  background-image: url();
  background-position: none;
  background-size: none;
  background-repeat: –;
  background-attachment: –;
  background-clip: –;
  border-width: 0px;
  border-style: none;
  border-color: rgb(118,118,118);
  position: –;
  z-index: auto;
  opacity: 1;
  cursor: –;
  box-shadow: none;
  text-shadow: none;
  -webkit-transition: all 0s ease 0s;
  transition: all 0s ease 0s;
  -webkit-transform: none;
  -ms-transform: none;
  transform: none;
  -webkit-filter: none;
  filter: none;
}

<div
  className="c0"
  color="#000000"
>
  <h4
    className="c1"
    color=""
    cursor="–"
    display="inline-block"
    filter="none"
    height=""
    opacity="1"
    transform="none"
    width=""
  >
    Header 4
  </h4>
</div>
`;

exports[`Storyshots Primitives/Text header 5 1`] = `
.c0 {
  margin: 16px 8px;
  color: #000000;
  background-color: #FFFFFF;
  box-shadow: 0 0 48px 0 rgba(0,0,0,.2);
  font-family: sans-serif;
  -webkit-user-select: none;
  -moz-user-select: none;
  -ms-user-select: none;
  user-select: none;
  position: relative;
}

.c1 {
  margin-top: 16px;
  margin-bottom: 16px;
  min-width: 8px;
  min-height: 8px;
  display: inline-block;
  overflow-x: visible;
  overflow-y: visible;
  -webkit-flex-direction: row;
  -ms-flex-direction: row;
  flex-direction: row;
  -webkit-align-items: –;
  -webkit-box-align: –;
  -ms-flex-align: –;
  align-items: –;
  -webkit-box-pack: –;
  -webkit-justify-content: –;
  -ms-flex-pack: –;
  justify-content: –;
  -webkit-flex-wrap: nowrap;
  -ms-flex-wrap: nowrap;
  flex-wrap: nowrap;
  font-style: –;
  font-variant: –;
  white-space: –;
  text-align: left;
  background-image: url();
  background-position: none;
  background-size: none;
  background-repeat: –;
  background-attachment: –;
  background-clip: –;
  border-width: 0px;
  border-style: none;
  border-color: rgb(118,118,118);
  position: –;
  z-index: auto;
  opacity: 1;
  cursor: –;
  box-shadow: none;
  text-shadow: none;
  -webkit-transition: all 0s ease 0s;
  transition: all 0s ease 0s;
  -webkit-transform: none;
  -ms-transform: none;
  transform: none;
  -webkit-filter: none;
  filter: none;
}

<div
  className="c0"
  color="#000000"
>
  <h5
    className="c1"
    color=""
    cursor="–"
    display="inline-block"
    filter="none"
    height=""
    opacity="1"
    transform="none"
    width=""
  >
    Header 5
  </h5>
</div>
`;

exports[`Storyshots Primitives/Text header 6 1`] = `
.c0 {
  margin: 16px 8px;
  color: #000000;
  background-color: #FFFFFF;
  box-shadow: 0 0 48px 0 rgba(0,0,0,.2);
  font-family: sans-serif;
  -webkit-user-select: none;
  -moz-user-select: none;
  -ms-user-select: none;
  user-select: none;
  position: relative;
}

.c1 {
  margin-top: 16px;
  margin-bottom: 16px;
  min-width: 8px;
  min-height: 8px;
  display: inline-block;
  overflow-x: visible;
  overflow-y: visible;
  -webkit-flex-direction: row;
  -ms-flex-direction: row;
  flex-direction: row;
  -webkit-align-items: –;
  -webkit-box-align: –;
  -ms-flex-align: –;
  align-items: –;
  -webkit-box-pack: –;
  -webkit-justify-content: –;
  -ms-flex-pack: –;
  justify-content: –;
  -webkit-flex-wrap: nowrap;
  -ms-flex-wrap: nowrap;
  flex-wrap: nowrap;
  font-style: –;
  font-variant: –;
  white-space: –;
  text-align: left;
  background-image: url();
  background-position: none;
  background-size: none;
  background-repeat: –;
  background-attachment: –;
  background-clip: –;
  border-width: 0px;
  border-style: none;
  border-color: rgb(118,118,118);
  position: –;
  z-index: auto;
  opacity: 1;
  cursor: –;
  box-shadow: none;
  text-shadow: none;
  -webkit-transition: all 0s ease 0s;
  transition: all 0s ease 0s;
  -webkit-transform: none;
  -ms-transform: none;
  transform: none;
  -webkit-filter: none;
  filter: none;
}

<div
  className="c0"
  color="#000000"
>
  <h6
    className="c1"
    color=""
    cursor="–"
    display="inline-block"
    filter="none"
    height=""
    opacity="1"
    transform="none"
    width=""
  >
    Header 6
  </h6>
</div>
`;

exports[`Storyshots Primitives/Text paragraph 1`] = `
.c0 {
  margin: 16px 8px;
  color: #000000;
  background-color: #FFFFFF;
  box-shadow: 0 0 48px 0 rgba(0,0,0,.2);
  font-family: sans-serif;
  -webkit-user-select: none;
  -moz-user-select: none;
  -ms-user-select: none;
  user-select: none;
  position: relative;
}

.c1 {
  margin-top: 16px;
  margin-bottom: 16px;
  min-width: 8px;
  min-height: 8px;
  display: inline-block;
  overflow-x: visible;
  overflow-y: visible;
  -webkit-flex-direction: row;
  -ms-flex-direction: row;
  flex-direction: row;
  -webkit-align-items: –;
  -webkit-box-align: –;
  -ms-flex-align: –;
  align-items: –;
  -webkit-box-pack: –;
  -webkit-justify-content: –;
  -ms-flex-pack: –;
  justify-content: –;
  -webkit-flex-wrap: nowrap;
  -ms-flex-wrap: nowrap;
  flex-wrap: nowrap;
  font-style: –;
  font-variant: –;
  white-space: –;
  text-align: left;
  background-image: url();
  background-position: none;
  background-size: none;
  background-repeat: –;
  background-attachment: –;
  background-clip: –;
  border-width: 0px;
  border-style: none;
  border-color: rgb(118,118,118);
  position: –;
  z-index: auto;
  opacity: 1;
  cursor: –;
  box-shadow: none;
  text-shadow: none;
  -webkit-transition: all 0s ease 0s;
  transition: all 0s ease 0s;
  -webkit-transform: none;
  -ms-transform: none;
  transform: none;
  -webkit-filter: none;
  filter: none;
}

<div
  className="c0"
  color="#000000"
>
  <p
    className="c1"
    color=""
    cursor="–"
    display="inline-block"
    filter="none"
    height=""
    opacity="1"
    transform="none"
    width=""
  >
    Paragraph
  </p>
</div>
`;

exports[`Storyshots Wysiwyg/Inline span 1`] = `
.c0 {
  margin: 16px 8px;
  color: #000000;
  background-color: #FFFFFF;
  box-shadow: 0 0 48px 0 rgba(0,0,0,.2);
  font-family: sans-serif;
  -webkit-user-select: none;
  -moz-user-select: none;
  -ms-user-select: none;
  user-select: none;
  position: relative;
}

.c1 {
  display: inline-block;
  overflow-x: visible;
  overflow-y: visible;
  -webkit-flex-direction: row;
  -ms-flex-direction: row;
  flex-direction: row;
  -webkit-align-items: –;
  -webkit-box-align: –;
  -ms-flex-align: –;
  align-items: –;
  -webkit-box-pack: –;
  -webkit-justify-content: –;
  -ms-flex-pack: –;
  justify-content: –;
  -webkit-flex-wrap: nowrap;
  -ms-flex-wrap: nowrap;
  flex-wrap: nowrap;
  font-style: –;
  font-variant: –;
  white-space: –;
  text-align: left;
  background-image: url();
  background-position: none;
  background-size: none;
  background-repeat: –;
  background-attachment: –;
  background-clip: –;
  border-width: 0px;
  border-style: none;
  border-color: rgb(118,118,118);
  position: –;
  z-index: auto;
  opacity: 1;
  cursor: –;
  box-shadow: none;
  text-shadow: none;
  -webkit-transition: all 0s ease 0s;
  transition: all 0s ease 0s;
  -webkit-transform: none;
  -ms-transform: none;
  transform: none;
  -webkit-filter: none;
  filter: none;
}

<div
  className="c0"
  color="#000000"
>
  <span
    className="c1"
    color=""
    cursor="–"
    display="inline-block"
    filter="none"
    height=""
    opacity="1"
    transform="none"
    width=""
  >
    Some text here
  </span>
</div>
`;

exports[`Storyshots Wysiwyg/Italic em 1`] = `
.c0 {
  margin: 16px 8px;
  color: #000000;
  background-color: #FFFFFF;
  box-shadow: 0 0 48px 0 rgba(0,0,0,.2);
  font-family: sans-serif;
  -webkit-user-select: none;
  -moz-user-select: none;
  -ms-user-select: none;
  user-select: none;
  position: relative;
}

.c1 {
  display: inline-block;
  overflow-x: visible;
  overflow-y: visible;
  -webkit-flex-direction: row;
  -ms-flex-direction: row;
  flex-direction: row;
  -webkit-align-items: –;
  -webkit-box-align: –;
  -ms-flex-align: –;
  align-items: –;
  -webkit-box-pack: –;
  -webkit-justify-content: –;
  -ms-flex-pack: –;
  justify-content: –;
  -webkit-flex-wrap: nowrap;
  -ms-flex-wrap: nowrap;
  flex-wrap: nowrap;
  font-style: –;
  font-variant: –;
  white-space: –;
  text-align: left;
  background-image: url();
  background-position: none;
  background-size: none;
  background-repeat: –;
  background-attachment: –;
  background-clip: –;
  border-width: 0px;
  border-style: none;
  border-color: rgb(118,118,118);
  position: –;
  z-index: auto;
  opacity: 1;
  cursor: –;
  box-shadow: none;
  text-shadow: none;
  -webkit-transition: all 0s ease 0s;
  transition: all 0s ease 0s;
  -webkit-transform: none;
  -ms-transform: none;
  transform: none;
  -webkit-filter: none;
  filter: none;
}

<div
  className="c0"
  color="#000000"
>
  <em
    className="c1"
    color=""
    cursor="–"
    display="inline-block"
    filter="none"
    height=""
    opacity="1"
    transform="none"
    width=""
  >
    Italic text here
  </em>
</div>
`;

exports[`Storyshots Wysiwyg/Italic i 1`] = `
.c0 {
  margin: 16px 8px;
  color: #000000;
  background-color: #FFFFFF;
  box-shadow: 0 0 48px 0 rgba(0,0,0,.2);
  font-family: sans-serif;
  -webkit-user-select: none;
  -moz-user-select: none;
  -ms-user-select: none;
  user-select: none;
  position: relative;
}

.c1 {
  display: inline-block;
  overflow-x: visible;
  overflow-y: visible;
  -webkit-flex-direction: row;
  -ms-flex-direction: row;
  flex-direction: row;
  -webkit-align-items: –;
  -webkit-box-align: –;
  -ms-flex-align: –;
  align-items: –;
  -webkit-box-pack: –;
  -webkit-justify-content: –;
  -ms-flex-pack: –;
  justify-content: –;
  -webkit-flex-wrap: nowrap;
  -ms-flex-wrap: nowrap;
  flex-wrap: nowrap;
  font-style: –;
  font-variant: –;
  white-space: –;
  text-align: left;
  background-image: url();
  background-position: none;
  background-size: none;
  background-repeat: –;
  background-attachment: –;
  background-clip: –;
  border-width: 0px;
  border-style: none;
  border-color: rgb(118,118,118);
  position: –;
  z-index: auto;
  opacity: 1;
  cursor: –;
  box-shadow: none;
  text-shadow: none;
  -webkit-transition: all 0s ease 0s;
  transition: all 0s ease 0s;
  -webkit-transform: none;
  -ms-transform: none;
  transform: none;
  -webkit-filter: none;
  filter: none;
}

<div
  className="c0"
  color="#000000"
>
  <i
    className="c1"
    color=""
    cursor="–"
    display="inline-block"
    filter="none"
    height=""
    opacity="1"
    transform="none"
    width=""
  >
    Italic text here
  </i>
</div>
`;

exports[`Storyshots Wysiwyg/Span span 1`] = `
.c0 {
  margin: 16px 8px;
  color: #000000;
  background-color: #FFFFFF;
  box-shadow: 0 0 48px 0 rgba(0,0,0,.2);
  font-family: sans-serif;
  -webkit-user-select: none;
  -moz-user-select: none;
  -ms-user-select: none;
  user-select: none;
  position: relative;
}

.c1 {
  display: inline-block;
  overflow-x: visible;
  overflow-y: visible;
  -webkit-flex-direction: row;
  -ms-flex-direction: row;
  flex-direction: row;
  -webkit-align-items: –;
  -webkit-box-align: –;
  -ms-flex-align: –;
  align-items: –;
  -webkit-box-pack: –;
  -webkit-justify-content: –;
  -ms-flex-pack: –;
  justify-content: –;
  -webkit-flex-wrap: nowrap;
  -ms-flex-wrap: nowrap;
  flex-wrap: nowrap;
  font-style: –;
  font-variant: –;
  white-space: –;
  text-align: left;
  background-image: url();
  background-position: none;
  background-size: none;
  background-repeat: –;
  background-attachment: –;
  background-clip: –;
  border-width: 0px;
  border-style: none;
  border-color: rgb(118,118,118);
  position: –;
  z-index: auto;
  opacity: 1;
  cursor: –;
  box-shadow: none;
  text-shadow: none;
  -webkit-transition: all 0s ease 0s;
  transition: all 0s ease 0s;
  -webkit-transform: none;
  -ms-transform: none;
  transform: none;
  -webkit-filter: none;
  filter: none;
}

<div
  className="c0"
  color="#000000"
>
  <span
    className="c1"
    color=""
    cursor="–"
    display="inline-block"
    filter="none"
    height=""
    opacity="1"
    transform="none"
    width=""
  >
    Some text here
  </span>
</div>
`;

exports[`Storyshots Wysiwyg/Strike s 1`] = `
.c0 {
  margin: 16px 8px;
  color: #000000;
  background-color: #FFFFFF;
  box-shadow: 0 0 48px 0 rgba(0,0,0,.2);
  font-family: sans-serif;
  -webkit-user-select: none;
  -moz-user-select: none;
  -ms-user-select: none;
  user-select: none;
  position: relative;
}

.c1 {
  display: inline-block;
  overflow-x: visible;
  overflow-y: visible;
  -webkit-flex-direction: row;
  -ms-flex-direction: row;
  flex-direction: row;
  -webkit-align-items: –;
  -webkit-box-align: –;
  -ms-flex-align: –;
  align-items: –;
  -webkit-box-pack: –;
  -webkit-justify-content: –;
  -ms-flex-pack: –;
  justify-content: –;
  -webkit-flex-wrap: nowrap;
  -ms-flex-wrap: nowrap;
  flex-wrap: nowrap;
  font-style: –;
  font-variant: –;
  white-space: –;
  text-align: left;
  background-image: url();
  background-position: none;
  background-size: none;
  background-repeat: –;
  background-attachment: –;
  background-clip: –;
  border-width: 0px;
  border-style: none;
  border-color: rgb(118,118,118);
  position: –;
  z-index: auto;
  opacity: 1;
  cursor: –;
  box-shadow: none;
  text-shadow: none;
  -webkit-transition: all 0s ease 0s;
  transition: all 0s ease 0s;
  -webkit-transform: none;
  -ms-transform: none;
  transform: none;
  -webkit-filter: none;
  filter: none;
}

<div
  className="c0"
  color="#000000"
>
  <s
    className="c1"
    color=""
    cursor="–"
    display="inline-block"
    filter="none"
    height=""
    opacity="1"
    transform="none"
    width=""
  >
    Strike text here
  </s>
</div>
`;

exports[`Storyshots Wysiwyg/Strike strike 1`] = `
.c0 {
  margin: 16px 8px;
  color: #000000;
  background-color: #FFFFFF;
  box-shadow: 0 0 48px 0 rgba(0,0,0,.2);
  font-family: sans-serif;
  -webkit-user-select: none;
  -moz-user-select: none;
  -ms-user-select: none;
  user-select: none;
  position: relative;
}

.c1 {
  display: inline-block;
  overflow-x: visible;
  overflow-y: visible;
  -webkit-flex-direction: row;
  -ms-flex-direction: row;
  flex-direction: row;
  -webkit-align-items: –;
  -webkit-box-align: –;
  -ms-flex-align: –;
  align-items: –;
  -webkit-box-pack: –;
  -webkit-justify-content: –;
  -ms-flex-pack: –;
  justify-content: –;
  -webkit-flex-wrap: nowrap;
  -ms-flex-wrap: nowrap;
  flex-wrap: nowrap;
  font-style: –;
  font-variant: –;
  white-space: –;
  text-align: left;
  background-image: url();
  background-position: none;
  background-size: none;
  background-repeat: –;
  background-attachment: –;
  background-clip: –;
  border-width: 0px;
  border-style: none;
  border-color: rgb(118,118,118);
  position: –;
  z-index: auto;
  opacity: 1;
  cursor: –;
  box-shadow: none;
  text-shadow: none;
  -webkit-transition: all 0s ease 0s;
  transition: all 0s ease 0s;
  -webkit-transform: none;
  -ms-transform: none;
  transform: none;
  -webkit-filter: none;
  filter: none;
}

<div
  className="c0"
  color="#000000"
>
  <strike
    className="c1"
    color=""
    cursor="–"
    display="inline-block"
    filter="none"
    height=""
    opacity="1"
    transform="none"
    width=""
  >
    Strike text here
  </strike>
</div>
`;

exports[`Storyshots Wysiwyg/Strong b 1`] = `
.c0 {
  margin: 16px 8px;
  color: #000000;
  background-color: #FFFFFF;
  box-shadow: 0 0 48px 0 rgba(0,0,0,.2);
  font-family: sans-serif;
  -webkit-user-select: none;
  -moz-user-select: none;
  -ms-user-select: none;
  user-select: none;
  position: relative;
}

.c1 {
  display: inline-block;
  overflow-x: visible;
  overflow-y: visible;
  -webkit-flex-direction: row;
  -ms-flex-direction: row;
  flex-direction: row;
  -webkit-align-items: –;
  -webkit-box-align: –;
  -ms-flex-align: –;
  align-items: –;
  -webkit-box-pack: –;
  -webkit-justify-content: –;
  -ms-flex-pack: –;
  justify-content: –;
  -webkit-flex-wrap: nowrap;
  -ms-flex-wrap: nowrap;
  flex-wrap: nowrap;
  font-style: –;
  font-variant: –;
  white-space: –;
  text-align: left;
  background-image: url();
  background-position: none;
  background-size: none;
  background-repeat: –;
  background-attachment: –;
  background-clip: –;
  border-width: 0px;
  border-style: none;
  border-color: rgb(118,118,118);
  position: –;
  z-index: auto;
  opacity: 1;
  cursor: –;
  box-shadow: none;
  text-shadow: none;
  -webkit-transition: all 0s ease 0s;
  transition: all 0s ease 0s;
  -webkit-transform: none;
  -ms-transform: none;
  transform: none;
  -webkit-filter: none;
  filter: none;
}

<div
  className="c0"
  color="#000000"
>
  <b
    className="c1"
    color=""
    cursor="–"
    display="inline-block"
    filter="none"
    height=""
    opacity="1"
    transform="none"
    width=""
  >
    Bold text here
  </b>
</div>
`;

exports[`Storyshots Wysiwyg/Strong strong 1`] = `
.c0 {
  margin: 16px 8px;
  color: #000000;
  background-color: #FFFFFF;
  box-shadow: 0 0 48px 0 rgba(0,0,0,.2);
  font-family: sans-serif;
  -webkit-user-select: none;
  -moz-user-select: none;
  -ms-user-select: none;
  user-select: none;
  position: relative;
}

.c1 {
  display: inline-block;
  overflow-x: visible;
  overflow-y: visible;
  -webkit-flex-direction: row;
  -ms-flex-direction: row;
  flex-direction: row;
  -webkit-align-items: –;
  -webkit-box-align: –;
  -ms-flex-align: –;
  align-items: –;
  -webkit-box-pack: –;
  -webkit-justify-content: –;
  -ms-flex-pack: –;
  justify-content: –;
  -webkit-flex-wrap: nowrap;
  -ms-flex-wrap: nowrap;
  flex-wrap: nowrap;
  font-style: –;
  font-variant: –;
  white-space: –;
  text-align: left;
  background-image: url();
  background-position: none;
  background-size: none;
  background-repeat: –;
  background-attachment: –;
  background-clip: –;
  border-width: 0px;
  border-style: none;
  border-color: rgb(118,118,118);
  position: –;
  z-index: auto;
  opacity: 1;
  cursor: –;
  box-shadow: none;
  text-shadow: none;
  -webkit-transition: all 0s ease 0s;
  transition: all 0s ease 0s;
  -webkit-transform: none;
  -ms-transform: none;
  transform: none;
  -webkit-filter: none;
  filter: none;
}

<div
  className="c0"
  color="#000000"
>
  <strong
    className="c1"
    color=""
    cursor="–"
    display="inline-block"
    filter="none"
    height=""
    opacity="1"
    transform="none"
    width=""
  >
    Strong text here
  </strong>
</div>
`;

exports[`Storyshots Wysiwyg/Underline u 1`] = `
.c0 {
  margin: 16px 8px;
  color: #000000;
  background-color: #FFFFFF;
  box-shadow: 0 0 48px 0 rgba(0,0,0,.2);
  font-family: sans-serif;
  -webkit-user-select: none;
  -moz-user-select: none;
  -ms-user-select: none;
  user-select: none;
  position: relative;
}

.c1 {
  display: inline-block;
  overflow-x: visible;
  overflow-y: visible;
  -webkit-flex-direction: row;
  -ms-flex-direction: row;
  flex-direction: row;
  -webkit-align-items: –;
  -webkit-box-align: –;
  -ms-flex-align: –;
  align-items: –;
  -webkit-box-pack: –;
  -webkit-justify-content: –;
  -ms-flex-pack: –;
  justify-content: –;
  -webkit-flex-wrap: nowrap;
  -ms-flex-wrap: nowrap;
  flex-wrap: nowrap;
  font-style: –;
  font-variant: –;
  white-space: –;
  text-align: left;
  background-image: url();
  background-position: none;
  background-size: none;
  background-repeat: –;
  background-attachment: –;
  background-clip: –;
  border-width: 0px;
  border-style: none;
  border-color: rgb(118,118,118);
  position: –;
  z-index: auto;
  opacity: 1;
  cursor: –;
  box-shadow: none;
  text-shadow: none;
  -webkit-transition: all 0s ease 0s;
  transition: all 0s ease 0s;
  -webkit-transform: none;
  -ms-transform: none;
  transform: none;
  -webkit-filter: none;
  filter: none;
}

<div
  className="c0"
  color="#000000"
>
  <u
    className="c1"
    color=""
    cursor="–"
    display="inline-block"
    filter="none"
    height=""
    opacity="1"
    transform="none"
    width=""
  >
    Underline text here
  </u>
</div>
`;
